
> nextjs-ts-template@1.0.0 build
> next build

  Γû▓ Next.js 14.2.30
  - Experiments (use with caution):
    ┬╖ typedRoutes

   Creating an optimized production build ...
node.exe : Browserslist: 
caniuse-lite is outdated. 
Please run:
At line:1 char:1
+ & "C:\Program 
Files\nodejs/node.exe" "C:
\Users\sw\AppData\Roaming\
npm ...
+ ~~~~~~~~~~~~~~~~~~~~~~~~
~~~~~~~~~~~~~~~~~~~~~~~~~~
~~~~~~~~~~~~~~~~~~~
    + CategoryInfo        
      : NotSpecified: (B  
  rowserslist: c...ed.    
 Please run::String) [    
], RemoteException
    + FullyQualifiedError 
   Id : NativeCommandErr  
  or
 
  npx update-browserslist-
db@latest
  Why you should do it 
regularly: https://github.
com/browserslist/update-db
#readme
Browserslist: browsers 
data (caniuse-lite) is 10 
months old. Please run:
  npx update-browserslist-
db@latest
  Why you should do it 
regularly: https://github.
com/browserslist/update-db
#readme
 Γ£ô Compiled successfully
   Linting and checking validity of types ...
 Γ¿» ESLint: Invalid 
Options: - Unknown 
options: useEslintrc, 
extensions - 'extensions' 
has been removed.
   Collecting page data ...
   Generating static pages (0/14) ...
   Generating static pages (3/14) 
   Generating static pages (6/14) 
   Generating static pages (10/14) 
 Γ£ô Generating static pages (14/14)
   Finalizing page optimization ...
   Collecting build traces ...

Route (app)                              Size     First Load JS
Γöî Γùï /                                    5.33 kB         107 kB
Γö£ Γùï /_not-found                          138 B          87.3 kB
Γö£ Γùï /about                               3.51 kB         105 kB
Γö£ Γùï /blog                                3.44 kB         105 kB
Γö£ ╞Æ /blog/[slug]                         633 B          87.8 kB
Γö£ Γùï /career                              3.52 kB         105 kB
Γö£ Γùï /centre-of-excellence                4.03 kB         106 kB
Γö£ ╞Æ /centre-of-excellence/[slug]         5.32 kB         107 kB
Γö£ Γùï /contact                             3.8 kB          105 kB
Γö£ Γùï /diagnostic-services/by-habit        4.53 kB         106 kB
Γö£ Γùï /diagnostic-services/by-result       4.53 kB         106 kB
Γö£ Γùï /diagnostic-services/packages        3.96 kB         106 kB
Γö£ Γùï /find-a-doctor                       3.78 kB         105 kB
Γö£ Γùï /specialities                        4.26 kB         106 kB
Γö£ ╞Æ /specialities/[slug]                 5.08 kB         107 kB
Γöö ╞Æ /user/[id]                           641 B          87.8 kB
+ First Load JS shared by all            87.1 kB
  Γö£ chunks/117-5a0e642e99fd24b7.js       31.6 kB
  Γö£ chunks/fd9d1056-67053f5378b03cd7.js  53.6 kB
  Γöö other shared chunks (total)          1.89 kB


Γùï  (Static)   prerendered as static content
╞Æ  (Dynamic)  server-rendered on demand

